// Jest Snapshot v1, https://goo.gl/fbAQLP

exports[`DocumentModel getNextNode 1`] = `
Immutable.Map {
  "post_id": 175,
  "id": "43eb",
  "next_sibling_id": "4add",
  "type": "pre",
  "content": "getIt();",
  "meta": Immutable.Map {},
}
`;

exports[`DocumentModel getNode 1`] = `
Immutable.Map {
  "post_id": 175,
  "id": "8e34",
  "next_sibling_id": "621e",
  "type": "h1",
  "content": "Large Heading",
  "meta": Immutable.Map {},
}
`;

exports[`DocumentModel getPrevNode 1`] = `
Immutable.Map {
  "post_id": 175,
  "id": "43eb",
  "next_sibling_id": "4add",
  "type": "pre",
  "content": "getIt();",
  "meta": Immutable.Map {},
}
`;

exports[`DocumentModel init 1`] = `
DocumentModel {
  "nodesById": Immutable.Map {
    "9615": Immutable.Map {
      "post_id": 175,
      "id": "9615",
      "next_sibling_id": "56da",
      "type": "h2",
      "content": "Small Heading",
      "meta": Immutable.Map {},
    },
    "fd25": Immutable.Map {
      "post_id": 175,
      "id": "fd25",
      "next_sibling_id": "f063",
      "type": "pre",
      "content": "var someCode = \\"here\\";",
      "meta": Immutable.Map {},
    },
    "f063": Immutable.Map {
      "post_id": 175,
      "id": "f063",
      "next_sibling_id": "61cf",
      "type": "pre",
      "content": "function getIt(sendIt) {",
      "meta": Immutable.Map {},
    },
    "4add": Immutable.Map {
      "post_id": 175,
      "id": "4add",
      "next_sibling_id": "09a0",
      "type": "image",
      "content": "",
      "meta": Immutable.Map {
        "url": "b38d29e7bbd96a4df4d7ac1fa442de358702b1635319c696f27c23c2bcc9d70d",
        "width": 669,
        "height": 1000,
        "caption": "Kinzua Dam '91",
        "rotationDegrees": 90,
      },
    },
    "cce3": Immutable.Map {
      "post_id": 175,
      "id": "cce3",
      "next_sibling_id": null,
      "type": "p",
      "content": "Make sure we have a P on the end so we can delete",
      "meta": Immutable.Map {},
    },
    "8e34": Immutable.Map {
      "post_id": 175,
      "id": "8e34",
      "next_sibling_id": "621e",
      "type": "h1",
      "content": "Large Heading",
      "meta": Immutable.Map {},
    },
    "7a38": Immutable.Map {
      "post_id": 175,
      "id": "7a38",
      "next_sibling_id": "43eb",
      "type": "pre",
      "content": "}",
      "meta": Immutable.Map {},
    },
    "621e": Immutable.Map {
      "post_id": 175,
      "id": "621e",
      "next_sibling_id": "f677",
      "type": "p",
      "content": "First paragraph with no formats",
      "meta": Immutable.Map {},
    },
    "f677": Immutable.Map {
      "post_id": 175,
      "id": "f677",
      "next_sibling_id": "db70",
      "type": "p",
      "content": "Second paragraph with some formats",
      "meta": Immutable.Map {
        "selections": Immutable.List [
          Immutable.Record {
            "start": 0,
            "end": 17,
            "selection-bold": false,
            "selection-italic": false,
            "selection-code": false,
            "selection-siteinfo": false,
            "selection-mini": false,
            "selection-strikethrough": false,
            "selection-link": false,
            "linkUrl": "",
          },
          Immutable.Record {
            "start": 17,
            "end": 21,
            "selection-bold": true,
            "selection-italic": false,
            "selection-code": false,
            "selection-siteinfo": false,
            "selection-mini": false,
            "selection-strikethrough": false,
            "selection-link": false,
            "linkUrl": "",
          },
          Immutable.Record {
            "start": 21,
            "end": 22,
            "selection-bold": false,
            "selection-italic": false,
            "selection-code": false,
            "selection-siteinfo": false,
            "selection-mini": false,
            "selection-strikethrough": false,
            "selection-link": false,
            "linkUrl": "",
          },
          Immutable.Record {
            "start": 22,
            "end": 26,
            "selection-bold": false,
            "selection-italic": false,
            "selection-code": true,
            "selection-siteinfo": false,
            "selection-mini": false,
            "selection-strikethrough": false,
            "selection-link": false,
            "linkUrl": "",
          },
          Immutable.Record {
            "start": 26,
            "end": 27,
            "selection-bold": false,
            "selection-italic": false,
            "selection-code": false,
            "selection-siteinfo": false,
            "selection-mini": false,
            "selection-strikethrough": false,
            "selection-link": false,
            "linkUrl": "",
          },
          Immutable.Record {
            "start": 27,
            "end": 34,
            "selection-bold": false,
            "selection-italic": false,
            "selection-code": false,
            "selection-siteinfo": false,
            "selection-mini": false,
            "selection-strikethrough": false,
            "selection-link": true,
            "linkUrl": "http://some.site",
          },
        ],
      },
    },
    "151c": Immutable.Map {
      "post_id": 175,
      "id": "151c",
      "next_sibling_id": "fd25",
      "type": "li",
      "content": "One with a bunch of formats and stuff",
      "meta": Immutable.Map {
        "selections": Immutable.List [
          Immutable.Record {
            "start": 0,
            "end": 4,
            "selection-bold": false,
            "selection-italic": false,
            "selection-code": false,
            "selection-siteinfo": false,
            "selection-mini": false,
            "selection-strikethrough": false,
            "selection-link": false,
            "linkUrl": "",
          },
          Immutable.Record {
            "start": 4,
            "end": 8,
            "selection-bold": true,
            "selection-italic": false,
            "selection-code": false,
            "selection-siteinfo": false,
            "selection-mini": false,
            "selection-strikethrough": false,
            "selection-link": false,
            "linkUrl": "",
          },
          Immutable.Record {
            "start": 8,
            "end": 9,
            "selection-bold": false,
            "selection-italic": false,
            "selection-code": false,
            "selection-siteinfo": false,
            "selection-mini": false,
            "selection-strikethrough": false,
            "selection-link": false,
            "linkUrl": "",
          },
          Immutable.Record {
            "start": 9,
            "end": 10,
            "selection-bold": false,
            "selection-italic": true,
            "selection-code": false,
            "selection-siteinfo": false,
            "selection-mini": false,
            "selection-strikethrough": false,
            "selection-link": false,
            "linkUrl": "",
          },
          Immutable.Record {
            "start": 10,
            "end": 11,
            "selection-bold": false,
            "selection-italic": false,
            "selection-code": false,
            "selection-siteinfo": false,
            "selection-mini": false,
            "selection-strikethrough": false,
            "selection-link": false,
            "linkUrl": "",
          },
          Immutable.Record {
            "start": 11,
            "end": 16,
            "selection-bold": false,
            "selection-italic": false,
            "selection-code": true,
            "selection-siteinfo": false,
            "selection-mini": false,
            "selection-strikethrough": false,
            "selection-link": false,
            "linkUrl": "",
          },
          Immutable.Record {
            "start": 16,
            "end": 17,
            "selection-bold": false,
            "selection-italic": false,
            "selection-code": false,
            "selection-siteinfo": false,
            "selection-mini": false,
            "selection-strikethrough": false,
            "selection-link": false,
            "linkUrl": "",
          },
          Immutable.Record {
            "start": 17,
            "end": 19,
            "selection-bold": false,
            "selection-italic": false,
            "selection-code": false,
            "selection-siteinfo": true,
            "selection-mini": false,
            "selection-strikethrough": false,
            "selection-link": false,
            "linkUrl": "",
          },
          Immutable.Record {
            "start": 19,
            "end": 20,
            "selection-bold": false,
            "selection-italic": false,
            "selection-code": false,
            "selection-siteinfo": false,
            "selection-mini": false,
            "selection-strikethrough": false,
            "selection-link": false,
            "linkUrl": "",
          },
          Immutable.Record {
            "start": 20,
            "end": 27,
            "selection-bold": false,
            "selection-italic": false,
            "selection-code": false,
            "selection-siteinfo": false,
            "selection-mini": false,
            "selection-strikethrough": true,
            "selection-link": false,
            "linkUrl": "",
          },
          Immutable.Record {
            "start": 27,
            "end": 32,
            "selection-bold": false,
            "selection-italic": false,
            "selection-code": false,
            "selection-siteinfo": false,
            "selection-mini": false,
            "selection-strikethrough": false,
            "selection-link": false,
            "linkUrl": "",
          },
          Immutable.Record {
            "start": 32,
            "end": 37,
            "selection-bold": false,
            "selection-italic": false,
            "selection-code": false,
            "selection-siteinfo": false,
            "selection-mini": false,
            "selection-strikethrough": false,
            "selection-link": true,
            "linkUrl": "http://yep.com",
          },
        ],
      },
    },
    "db70": Immutable.Map {
      "post_id": 175,
      "id": "db70",
      "next_sibling_id": "9615",
      "type": "spacer",
      "content": "",
      "meta": Immutable.Map {},
    },
    "09a0": Immutable.Map {
      "post_id": 175,
      "id": "09a0",
      "next_sibling_id": "c67c",
      "type": "h2",
      "content": "Here's a big quote",
      "meta": Immutable.Map {},
    },
    "43eb": Immutable.Map {
      "post_id": 175,
      "id": "43eb",
      "next_sibling_id": "4add",
      "type": "pre",
      "content": "getIt();",
      "meta": Immutable.Map {},
    },
    "9fa0": Immutable.Map {
      "post_id": 175,
      "id": "9fa0",
      "next_sibling_id": "151c",
      "type": "li",
      "content": "Another item here",
      "meta": Immutable.Map {},
    },
    "61cf": Immutable.Map {
      "post_id": 175,
      "id": "61cf",
      "next_sibling_id": "7a38",
      "type": "pre",
      "content": "  const yep = false;",
      "meta": Immutable.Map {},
    },
    "56da": Immutable.Map {
      "post_id": 175,
      "id": "56da",
      "next_sibling_id": "9fa0",
      "type": "li",
      "content": "Here's a list",
      "meta": Immutable.Map {},
    },
    "c67c": Immutable.Map {
      "post_id": 175,
      "id": "c67c",
      "next_sibling_id": "cce3",
      "type": "quote",
      "content": "",
      "meta": Immutable.Map {
        "url": "https://www.theguardian.com/theguardian/2007/sep/13/greatinterviews",
        "quote": "It's an attempt to bring the figurative thing up on to the nervous system more violently and more poignantly.",
        "author": "Frances Bacon",
        "context": "interviews with David Sylvester in 1963, 1966 and 1979",
      },
    },
  },
  "post": Immutable.Map {
    "abstract": null,
    "created": "2019-12-05T07:46:51.000Z",
    "published": null,
    "user_id": 1,
    "canonical": "large-heading-0044",
    "title": "Large Heading",
    "deleted": null,
    "updated": "2019-12-05T07:46:51.000Z",
    "id": 175,
  },
  "updateManager": Object {
    "nodeHasBeenStagedForDelete": [MockFunction],
    "stageNodeDelete": [MockFunction],
    "stageNodeUpdate": [MockFunction],
  },
}
`;
