// Jest Snapshot v1, https://goo.gl/fbAQLP

exports[`DocumentModel getNextNode 1`] = `
Immutable.Map {
  "post_id": 175,
  "id": "43eb",
  "next_sibling_id": "4add",
  "type": "pre",
  "content": "getIt();",
  "meta": Immutable.Map {},
}
`;

exports[`DocumentModel getNode 1`] = `
Immutable.Map {
  "post_id": 175,
  "id": "8e34",
  "next_sibling_id": "621e",
  "type": "h1",
  "content": "Large Heading",
  "meta": Immutable.Map {},
}
`;

exports[`DocumentModel getPrevNode 1`] = `
Immutable.Map {
  "post_id": 175,
  "id": "43eb",
  "next_sibling_id": "4add",
  "type": "pre",
  "content": "getIt();",
  "meta": Immutable.Map {},
}
`;
